c:\repos\mytinyrenderer\build\tinyrenderer.dir\debug\vc143.pdb
c:\repos\mytinyrenderer\build\tinyrenderer.dir\debug\geometry.obj
c:\repos\mytinyrenderer\build\tinyrenderer.dir\debug\tgaimage.obj
c:\repos\mytinyrenderer\build\tinyrenderer.dir\debug\renderer.obj
c:\repos\mytinyrenderer\build\tinyrenderer.dir\debug\model.obj
c:\repos\mytinyrenderer\build\tinyrenderer.dir\debug\main.obj
c:\repos\mytinyrenderer\build\cmakefiles\generate.stamp
c:\repos\mytinyrenderer\build\debug\tinyrenderer.exe
c:\repos\mytinyrenderer\build\debug\tinyrenderer.pdb
c:\repos\mytinyrenderer\build\tinyrenderer.dir\debug\tinyrenderer.ilk
c:\repos\mytinyrenderer\build\tinyrenderer.dir\debug\tinyrenderer.tlog\cl.command.1.tlog
c:\repos\mytinyrenderer\build\tinyrenderer.dir\debug\tinyrenderer.tlog\cl.items.tlog
c:\repos\mytinyrenderer\build\tinyrenderer.dir\debug\tinyrenderer.tlog\cl.read.1.tlog
c:\repos\mytinyrenderer\build\tinyrenderer.dir\debug\tinyrenderer.tlog\cl.write.1.tlog
c:\repos\mytinyrenderer\build\tinyrenderer.dir\debug\tinyrenderer.tlog\custombuild.command.1.tlog
c:\repos\mytinyrenderer\build\tinyrenderer.dir\debug\tinyrenderer.tlog\custombuild.read.1.tlog
c:\repos\mytinyrenderer\build\tinyrenderer.dir\debug\tinyrenderer.tlog\custombuild.write.1.tlog
c:\repos\mytinyrenderer\build\tinyrenderer.dir\debug\tinyrenderer.tlog\link.command.1.tlog
c:\repos\mytinyrenderer\build\tinyrenderer.dir\debug\tinyrenderer.tlog\link.read.1.tlog
c:\repos\mytinyrenderer\build\tinyrenderer.dir\debug\tinyrenderer.tlog\link.secondary.1.tlog
c:\repos\mytinyrenderer\build\tinyrenderer.dir\debug\tinyrenderer.tlog\link.write.1.tlog
